// Jest Snapshot v1, https://goo.gl/fbAQLP

exports[`Styled Components should check if StyledButton has expected styles 1`] = `
<button
  class="sc-aXZVg biAHXA btn btn-primary"
  data-testid="styled-button"
  type="button"
/>
`;

exports[`Styled Components should check if StyledContainer has expected styles 1`] = `
<div
  class="sc-gEvEer gyOvpF container"
  data-testid="styled-container"
/>
`;
