// Jest Snapshot v1, https://goo.gl/fbAQLP

exports[`StyledContainer should match snapshot 1`] = `
<div
  class="sc-aXZVg gAHHnW container"
  data-testid="styled-container"
/>
`;
