// Jest Snapshot v1, https://goo.gl/fbAQLP

exports[`FilmBox component should render without errors 1`] = `
<div>
  <div
    class="col-xxl-3 col-lg-4 col-md-6 col-12"
  >
    <div
      class="sc-eqUAAy bOpioT card"
    >
      <img
        alt="Test Movie"
        class="card-img-top poster"
        src="test.jpg"
      />
      <div
        class="card-body"
      >
        <div
          class="card-title h5"
        >
          Test Movie
        </div>
        <button
          class="btn btn-primary"
          type="button"
        >
          View More
        </button>
      </div>
    </div>
  </div>
</div>
`;
